  Determinando os projetos a serem restaurados...
  Todos os projetos est├úo atualizados para restaura├º├úo.
C:\Users\felyp\Desktop\Projetos\Figlotech\Figlotech.Core\Exceptions\BusinessValidationException.cs(31,19): warning CS0628: 'BusinessValidationException.BusinessValidationException(SerializationInfo, StreamingContext)': novo membro protegido declarado no tipo selado [C:\Users\felyp\Desktop\Projetos\Figlotech\Figlotech.Core\Figlotech.Core.csproj]
C:\Users\felyp\Desktop\Projetos\Figlotech\Figlotech.Core\Exceptions\AuthenticationFailedException.cs(19,19): warning CS0628: 'AuthenticationFailedException.AuthenticationFailedException(SerializationInfo, StreamingContext)': novo membro protegido declarado no tipo selado [C:\Users\felyp\Desktop\Projetos\Figlotech\Figlotech.Core\Figlotech.Core.csproj]
C:\Users\felyp\Desktop\Projetos\Figlotech\Figlotech.Core\SerializableFiltering\Expr.cs(99,22): warning CS8632: A anota├º├úo para tipos de refer├¬ncia anul├íveis deve ser usada apenas em c├│digo em um contexto de anota├º├Áes '#nullable'. [C:\Users\felyp\Desktop\Projetos\Figlotech\Figlotech.Core\Figlotech.Core.csproj]
C:\Users\felyp\Desktop\Projetos\Figlotech\Figlotech.Core\SerializableFiltering\Expr.cs(95,34): warning CS8632: A anota├º├úo para tipos de refer├¬ncia anul├íveis deve ser usada apenas em c├│digo em um contexto de anota├º├Áes '#nullable'. [C:\Users\felyp\Desktop\Projetos\Figlotech\Figlotech.Core\Figlotech.Core.csproj]
C:\Users\felyp\Desktop\Projetos\Figlotech\Figlotech.Core\Exceptions\ExternalServerTimeoutException.cs(19,19): warning CS0628: 'ExternalServerTimeoutException.ExternalServerTimeoutException(SerializationInfo, StreamingContext)': novo membro protegido declarado no tipo selado [C:\Users\felyp\Desktop\Projetos\Figlotech\Figlotech.Core\Figlotech.Core.csproj]
C:\Users\felyp\Desktop\Projetos\Figlotech\Figlotech.Core\Exceptions\FailedExpectationException.cs(19,19): warning CS0628: 'FailedExpectationException.FailedExpectationException(SerializationInfo, StreamingContext)': novo membro protegido declarado no tipo selado [C:\Users\felyp\Desktop\Projetos\Figlotech\Figlotech.Core\Figlotech.Core.csproj]
C:\Users\felyp\Desktop\Projetos\Figlotech\Figlotech.Core\Exceptions\InternalProgramException.cs(17,19): warning CS0628: 'InternalProgramException.InternalProgramException(SerializationInfo, StreamingContext)': novo membro protegido declarado no tipo selado [C:\Users\felyp\Desktop\Projetos\Figlotech\Figlotech.Core\Figlotech.Core.csproj]
C:\Users\felyp\Desktop\Projetos\Figlotech\Figlotech.Core\Exceptions\ObjectNotFoundException.cs(19,19): warning CS0628: 'ObjectNotFoundException.ObjectNotFoundException(SerializationInfo, StreamingContext)': novo membro protegido declarado no tipo selado [C:\Users\felyp\Desktop\Projetos\Figlotech\Figlotech.Core\Figlotech.Core.csproj]
C:\Users\felyp\Desktop\Projetos\Figlotech\Figlotech.Core\Exceptions\ForbiddenAccessException.cs(19,19): warning CS0628: 'ForbiddenAccessException.ForbiddenAccessException(SerializationInfo, StreamingContext)': novo membro protegido declarado no tipo selado [C:\Users\felyp\Desktop\Projetos\Figlotech\Figlotech.Core\Figlotech.Core.csproj]
C:\Users\felyp\Desktop\Projetos\Figlotech\Figlotech.Core\SerializableFiltering\WhereEngine.cs(18,66): warning CS8632: A anota├º├úo para tipos de refer├¬ncia anul├íveis deve ser usada apenas em c├│digo em um contexto de anota├º├Áes '#nullable'. [C:\Users\felyp\Desktop\Projetos\Figlotech\Figlotech.Core\Figlotech.Core.csproj]
C:\Users\felyp\Desktop\Projetos\Figlotech\Figlotech.Core\SerializableFiltering\WhereEngine.cs(39,44): warning CS8632: A anota├º├úo para tipos de refer├¬ncia anul├íveis deve ser usada apenas em c├│digo em um contexto de anota├º├Áes '#nullable'. [C:\Users\felyp\Desktop\Projetos\Figlotech\Figlotech.Core\Figlotech.Core.csproj]
C:\Users\felyp\Desktop\Projetos\Figlotech\Figlotech.Core\SerializableFiltering\WhereEngine.cs(47,99): warning CS8632: A anota├º├úo para tipos de refer├¬ncia anul├íveis deve ser usada apenas em c├│digo em um contexto de anota├º├Áes '#nullable'. [C:\Users\felyp\Desktop\Projetos\Figlotech\Figlotech.Core\Figlotech.Core.csproj]
C:\Users\felyp\Desktop\Projetos\Figlotech\Figlotech.Core\SerializableFiltering\WhereEngine.cs(103,64): warning CS8632: A anota├º├úo para tipos de refer├¬ncia anul├íveis deve ser usada apenas em c├│digo em um contexto de anota├º├Áes '#nullable'. [C:\Users\felyp\Desktop\Projetos\Figlotech\Figlotech.Core\Figlotech.Core.csproj]
C:\Users\felyp\Desktop\Projetos\Figlotech\Figlotech.Core\SerializableFiltering\WhereEngine.cs(109,74): warning CS8632: A anota├º├úo para tipos de refer├¬ncia anul├íveis deve ser usada apenas em c├│digo em um contexto de anota├º├Áes '#nullable'. [C:\Users\felyp\Desktop\Projetos\Figlotech\Figlotech.Core\Figlotech.Core.csproj]
C:\Users\felyp\Desktop\Projetos\Figlotech\Figlotech.Core\SerializableFiltering\WhereEngine.cs(138,76): warning CS8632: A anota├º├úo para tipos de refer├¬ncia anul├íveis deve ser usada apenas em c├│digo em um contexto de anota├º├Áes '#nullable'. [C:\Users\felyp\Desktop\Projetos\Figlotech\Figlotech.Core\Figlotech.Core.csproj]
C:\Users\felyp\Desktop\Projetos\Figlotech\Figlotech.Core\SerializableFiltering\WhereEngine.cs(138,30): warning CS8632: A anota├º├úo para tipos de refer├¬ncia anul├íveis deve ser usada apenas em c├│digo em um contexto de anota├º├Áes '#nullable'. [C:\Users\felyp\Desktop\Projetos\Figlotech\Figlotech.Core\Figlotech.Core.csproj]
C:\Users\felyp\Desktop\Projetos\Figlotech\Figlotech.Core\SerializableFiltering\WhereEngine.cs(149,75): warning CS8632: A anota├º├úo para tipos de refer├¬ncia anul├íveis deve ser usada apenas em c├│digo em um contexto de anota├º├Áes '#nullable'. [C:\Users\felyp\Desktop\Projetos\Figlotech\Figlotech.Core\Figlotech.Core.csproj]
C:\Users\felyp\Desktop\Projetos\Figlotech\Figlotech.Core\SerializableFiltering\WhereEngine.cs(149,30): warning CS8632: A anota├º├úo para tipos de refer├¬ncia anul├íveis deve ser usada apenas em c├│digo em um contexto de anota├º├Áes '#nullable'. [C:\Users\felyp\Desktop\Projetos\Figlotech\Figlotech.Core\Figlotech.Core.csproj]
C:\Users\felyp\Desktop\Projetos\Figlotech\Figlotech.Core\SerializableFiltering\WhereEngine.cs(163,30): warning CS8632: A anota├º├úo para tipos de refer├¬ncia anul├íveis deve ser usada apenas em c├│digo em um contexto de anota├º├Áes '#nullable'. [C:\Users\felyp\Desktop\Projetos\Figlotech\Figlotech.Core\Figlotech.Core.csproj]
C:\Users\felyp\Desktop\Projetos\Figlotech\Figlotech.Core\SerializableFiltering\WhereEngine.cs(183,47): warning CS8632: A anota├º├úo para tipos de refer├¬ncia anul├íveis deve ser usada apenas em c├│digo em um contexto de anota├º├Áes '#nullable'. [C:\Users\felyp\Desktop\Projetos\Figlotech\Figlotech.Core\Figlotech.Core.csproj]
C:\Users\felyp\Desktop\Projetos\Figlotech\Figlotech.Core\SerializableFiltering\WhereEngine.cs(183,58): warning CS8632: A anota├º├úo para tipos de refer├¬ncia anul├íveis deve ser usada apenas em c├│digo em um contexto de anota├º├Áes '#nullable'. [C:\Users\felyp\Desktop\Projetos\Figlotech\Figlotech.Core\Figlotech.Core.csproj]
C:\Users\felyp\Desktop\Projetos\Figlotech\Figlotech.Core\SerializableFiltering\WhereEngine.cs(194,47): warning CS8632: A anota├º├úo para tipos de refer├¬ncia anul├íveis deve ser usada apenas em c├│digo em um contexto de anota├º├Áes '#nullable'. [C:\Users\felyp\Desktop\Projetos\Figlotech\Figlotech.Core\Figlotech.Core.csproj]
C:\Users\felyp\Desktop\Projetos\Figlotech\Figlotech.Core\SerializableFiltering\WhereEngine.cs(194,58): warning CS8632: A anota├º├úo para tipos de refer├¬ncia anul├íveis deve ser usada apenas em c├│digo em um contexto de anota├º├Áes '#nullable'. [C:\Users\felyp\Desktop\Projetos\Figlotech\Figlotech.Core\Figlotech.Core.csproj]
C:\Users\felyp\Desktop\Projetos\Figlotech\Figlotech.Core\ParallelFlow\ActionBlock.cs(36,33): warning CS8632: A anota├º├úo para tipos de refer├¬ncia anul├íveis deve ser usada apenas em c├│digo em um contexto de anota├º├Áes '#nullable'. [C:\Users\felyp\Desktop\Projetos\Figlotech\Figlotech.Core\Figlotech.Core.csproj]
C:\Users\felyp\Desktop\Projetos\Figlotech\Figlotech.Core\ParallelFlow\ActionBlock.cs(46,33): warning CS8632: A anota├º├úo para tipos de refer├¬ncia anul├íveis deve ser usada apenas em c├│digo em um contexto de anota├º├Áes '#nullable'. [C:\Users\felyp\Desktop\Projetos\Figlotech\Figlotech.Core\Figlotech.Core.csproj]
C:\Users\felyp\Desktop\Projetos\Figlotech\Figlotech.Core\ParallelFlow\IParallelFlowStep.cs(13,32): warning CS0108: "IParallelFlowStepOut<TOut>.GetAsyncEnumerator(CancellationToken)" oculta o membro herdado "IAsyncEnumerable<TOut>.GetAsyncEnumerator(CancellationToken)". Use a nova palavra-chave se foi pretendido ocultar. [C:\Users\felyp\Desktop\Projetos\Figlotech\Figlotech.Core\Figlotech.Core.csproj]
C:\Users\felyp\Desktop\Projetos\Figlotech\Figlotech.Core\Helpers\ReflectionException.cs(16,19): warning CS0628: 'ReflectionException.ReflectionException(SerializationInfo, StreamingContext)': novo membro protegido declarado no tipo selado [C:\Users\felyp\Desktop\Projetos\Figlotech\Figlotech.Core\Figlotech.Core.csproj]
C:\Users\felyp\Desktop\Projetos\Figlotech\Figlotech.Core\ParallelFlow\ActionBlock.cs(18,73): warning CS8632: A anota├º├úo para tipos de refer├¬ncia anul├íveis deve ser usada apenas em c├│digo em um contexto de anota├º├Áes '#nullable'. [C:\Users\felyp\Desktop\Projetos\Figlotech\Figlotech.Core\Figlotech.Core.csproj]
C:\Users\felyp\Desktop\Projetos\Figlotech\Figlotech.Core\Helpers\ReflectionTool.cs(136,27): warning CS8632: A anota├º├úo para tipos de refer├¬ncia anul├íveis deve ser usada apenas em c├│digo em um contexto de anota├º├Áes '#nullable'. [C:\Users\felyp\Desktop\Projetos\Figlotech\Figlotech.Core\Figlotech.Core.csproj]
C:\Users\felyp\Desktop\Projetos\Figlotech\Figlotech.Core\ParallelFlow\FlowOperators.cs(341,31): warning CS8632: A anota├º├úo para tipos de refer├¬ncia anul├íveis deve ser usada apenas em c├│digo em um contexto de anota├º├Áes '#nullable'. [C:\Users\felyp\Desktop\Projetos\Figlotech\Figlotech.Core\Figlotech.Core.csproj]
C:\Users\felyp\Desktop\Projetos\Figlotech\Figlotech.Core\ParallelFlow\FlowOperators.cs(342,32): warning CS8632: A anota├º├úo para tipos de refer├¬ncia anul├íveis deve ser usada apenas em c├│digo em um contexto de anota├º├Áes '#nullable'. [C:\Users\felyp\Desktop\Projetos\Figlotech\Figlotech.Core\Figlotech.Core.csproj]
C:\Users\felyp\Desktop\Projetos\Figlotech\Figlotech.Core\ParallelFlow\IFlowBlock.cs(66,37): warning CS8632: A anota├º├úo para tipos de refer├¬ncia anul├íveis deve ser usada apenas em c├│digo em um contexto de anota├º├Áes '#nullable'. [C:\Users\felyp\Desktop\Projetos\Figlotech\Figlotech.Core\Figlotech.Core.csproj]
C:\Users\felyp\Desktop\Projetos\Figlotech\Figlotech.Core\ParallelFlow\IFlowBlock.cs(118,48): warning CS8632: A anota├º├úo para tipos de refer├¬ncia anul├íveis deve ser usada apenas em c├│digo em um contexto de anota├º├Áes '#nullable'. [C:\Users\felyp\Desktop\Projetos\Figlotech\Figlotech.Core\Figlotech.Core.csproj]
C:\Users\felyp\Desktop\Projetos\Figlotech\Figlotech.Core\ParallelFlow\SourceBlock.cs(23,33): warning CS8632: A anota├º├úo para tipos de refer├¬ncia anul├íveis deve ser usada apenas em c├│digo em um contexto de anota├º├Áes '#nullable'. [C:\Users\felyp\Desktop\Projetos\Figlotech\Figlotech.Core\Figlotech.Core.csproj]
C:\Users\felyp\Desktop\Projetos\Figlotech\Figlotech.Core\ParallelFlow\TransformBlock.cs(39,33): warning CS8632: A anota├º├úo para tipos de refer├¬ncia anul├íveis deve ser usada apenas em c├│digo em um contexto de anota├º├Áes '#nullable'. [C:\Users\felyp\Desktop\Projetos\Figlotech\Figlotech.Core\Figlotech.Core.csproj]
C:\Users\felyp\Desktop\Projetos\Figlotech\Figlotech.Core\ParallelFlow\SourceBlock.cs(40,33): warning CS8632: A anota├º├úo para tipos de refer├¬ncia anul├íveis deve ser usada apenas em c├│digo em um contexto de anota├º├Áes '#nullable'. [C:\Users\felyp\Desktop\Projetos\Figlotech\Figlotech.Core\Figlotech.Core.csproj]
C:\Users\felyp\Desktop\Projetos\Figlotech\Figlotech.Core\ParallelFlow\FlowOperators.cs(253,30): warning CS8632: A anota├º├úo para tipos de refer├¬ncia anul├íveis deve ser usada apenas em c├│digo em um contexto de anota├º├Áes '#nullable'. [C:\Users\felyp\Desktop\Projetos\Figlotech\Figlotech.Core\Figlotech.Core.csproj]
C:\Users\felyp\Desktop\Projetos\Figlotech\Figlotech.Core\ParallelFlow\TransformBlock.cs(49,33): warning CS8632: A anota├º├úo para tipos de refer├¬ncia anul├íveis deve ser usada apenas em c├│digo em um contexto de anota├º├Áes '#nullable'. [C:\Users\felyp\Desktop\Projetos\Figlotech\Figlotech.Core\Figlotech.Core.csproj]
C:\Users\felyp\Desktop\Projetos\Figlotech\Figlotech.Core\ParallelFlow\IFlowBlock.cs(95,53): warning CS8632: A anota├º├úo para tipos de refer├¬ncia anul├íveis deve ser usada apenas em c├│digo em um contexto de anota├º├Áes '#nullable'. [C:\Users\felyp\Desktop\Projetos\Figlotech\Figlotech.Core\Figlotech.Core.csproj]
C:\Users\felyp\Desktop\Projetos\Figlotech\Figlotech.Core\ParallelFlow\SourceBlock.cs(57,33): warning CS8632: A anota├º├úo para tipos de refer├¬ncia anul├íveis deve ser usada apenas em c├│digo em um contexto de anota├º├Áes '#nullable'. [C:\Users\felyp\Desktop\Projetos\Figlotech\Figlotech.Core\Figlotech.Core.csproj]
C:\Users\felyp\Desktop\Projetos\Figlotech\Figlotech.Core\ParallelFlow\TransformBlock.cs(62,33): warning CS8632: A anota├º├úo para tipos de refer├¬ncia anul├íveis deve ser usada apenas em c├│digo em um contexto de anota├º├Áes '#nullable'. [C:\Users\felyp\Desktop\Projetos\Figlotech\Figlotech.Core\Figlotech.Core.csproj]
C:\Users\felyp\Desktop\Projetos\Figlotech\Figlotech.Core\ParallelFlow\SourceBlock.cs(72,83): warning CS8632: A anota├º├úo para tipos de refer├¬ncia anul├íveis deve ser usada apenas em c├│digo em um contexto de anota├º├Áes '#nullable'. [C:\Users\felyp\Desktop\Projetos\Figlotech\Figlotech.Core\Figlotech.Core.csproj]
C:\Users\felyp\Desktop\Projetos\Figlotech\Figlotech.Core\ParallelFlow\SourceBlock.cs(79,67): warning CS8632: A anota├º├úo para tipos de refer├¬ncia anul├íveis deve ser usada apenas em c├│digo em um contexto de anota├º├Áes '#nullable'. [C:\Users\felyp\Desktop\Projetos\Figlotech\Figlotech.Core\Figlotech.Core.csproj]
C:\Users\felyp\Desktop\Projetos\Figlotech\Figlotech.Core\ParallelFlow\TransformBlock.cs(72,33): warning CS8632: A anota├º├úo para tipos de refer├¬ncia anul├íveis deve ser usada apenas em c├│digo em um contexto de anota├º├Áes '#nullable'. [C:\Users\felyp\Desktop\Projetos\Figlotech\Figlotech.Core\Figlotech.Core.csproj]
C:\Users\felyp\Desktop\Projetos\Figlotech\Figlotech.Core\ParallelFlow\SourceBlock.cs(13,49): warning CS8632: A anota├º├úo para tipos de refer├¬ncia anul├íveis deve ser usada apenas em c├│digo em um contexto de anota├º├Áes '#nullable'. [C:\Users\felyp\Desktop\Projetos\Figlotech\Figlotech.Core\Figlotech.Core.csproj]
C:\Users\felyp\Desktop\Projetos\Figlotech\Figlotech.Core\ParallelFlow\TransformBlock.cs(16,59): warning CS8632: A anota├º├úo para tipos de refer├¬ncia anul├íveis deve ser usada apenas em c├│digo em um contexto de anota├º├Áes '#nullable'. [C:\Users\felyp\Desktop\Projetos\Figlotech\Figlotech.Core\Figlotech.Core.csproj]
C:\Users\felyp\Desktop\Projetos\Figlotech\Figlotech.Core\ParallelFlow\TransformBlock.cs(19,34): warning CS8632: A anota├º├úo para tipos de refer├¬ncia anul├íveis deve ser usada apenas em c├│digo em um contexto de anota├º├Áes '#nullable'. [C:\Users\felyp\Desktop\Projetos\Figlotech\Figlotech.Core\Figlotech.Core.csproj]
C:\Users\felyp\Desktop\Projetos\Figlotech\Figlotech.Core\ParallelFlow\TransformBlock.cs(20,46): warning CS8632: A anota├º├úo para tipos de refer├¬ncia anul├íveis deve ser usada apenas em c├│digo em um contexto de anota├º├Áes '#nullable'. [C:\Users\felyp\Desktop\Projetos\Figlotech\Figlotech.Core\Figlotech.Core.csproj]
C:\Users\felyp\Desktop\Projetos\Figlotech\Figlotech.Core\ParallelFlow\TransformBlock.cs(21,33): warning CS8632: A anota├º├úo para tipos de refer├¬ncia anul├íveis deve ser usada apenas em c├│digo em um contexto de anota├º├Áes '#nullable'. [C:\Users\felyp\Desktop\Projetos\Figlotech\Figlotech.Core\Figlotech.Core.csproj]
C:\Users\felyp\Desktop\Projetos\Figlotech\Figlotech.Core\Helpers\ReflectionTool.cs(618,34): warning CS8632: A anota├º├úo para tipos de refer├¬ncia anul├íveis deve ser usada apenas em c├│digo em um contexto de anota├º├Áes '#nullable'. [C:\Users\felyp\Desktop\Projetos\Figlotech\Figlotech.Core\Figlotech.Core.csproj]
C:\Users\felyp\Desktop\Projetos\Figlotech\Figlotech.Core\FileAssistedCache.cs(13,22): warning CS8632: A anota├º├úo para tipos de refer├¬ncia anul├íveis deve ser usada apenas em c├│digo em um contexto de anota├º├Áes '#nullable'. [C:\Users\felyp\Desktop\Projetos\Figlotech\Figlotech.Core\Figlotech.Core.csproj]
C:\Users\felyp\Desktop\Projetos\Figlotech\Figlotech.Core\FileAssistedCache.cs(67,52): warning CS8632: A anota├º├úo para tipos de refer├¬ncia anul├íveis deve ser usada apenas em c├│digo em um contexto de anota├º├Áes '#nullable'. [C:\Users\felyp\Desktop\Projetos\Figlotech\Figlotech.Core\Figlotech.Core.csproj]
C:\Users\felyp\Desktop\Projetos\Figlotech\Figlotech.Core\FileAssistedCache.cs(89,47): warning CS8632: A anota├º├úo para tipos de refer├¬ncia anul├íveis deve ser usada apenas em c├│digo em um contexto de anota├º├Áes '#nullable'. [C:\Users\felyp\Desktop\Projetos\Figlotech\Figlotech.Core\Figlotech.Core.csproj]
C:\Users\felyp\Desktop\Projetos\Figlotech\Figlotech.Core\FileAssistedCache.cs(137,29): warning CS8632: A anota├º├úo para tipos de refer├¬ncia anul├íveis deve ser usada apenas em c├│digo em um contexto de anota├º├Áes '#nullable'. [C:\Users\felyp\Desktop\Projetos\Figlotech\Figlotech.Core\Figlotech.Core.csproj]
C:\Users\felyp\Desktop\Projetos\Figlotech\Figlotech.Core\FileAssistedCache.cs(149,34): warning CS8632: A anota├º├úo para tipos de refer├¬ncia anul├íveis deve ser usada apenas em c├│digo em um contexto de anota├º├Áes '#nullable'. [C:\Users\felyp\Desktop\Projetos\Figlotech\Figlotech.Core\Figlotech.Core.csproj]
C:\Users\felyp\Desktop\Projetos\Figlotech\Figlotech.Core\FileAssistedCache.cs(19,56): warning CS8632: A anota├º├úo para tipos de refer├¬ncia anul├íveis deve ser usada apenas em c├│digo em um contexto de anota├º├Áes '#nullable'. [C:\Users\felyp\Desktop\Projetos\Figlotech\Figlotech.Core\Figlotech.Core.csproj]
C:\Users\felyp\Desktop\Projetos\Figlotech\Figlotech.Core\Helpers\ReflectionTool.cs(610,87): warning CS8632: A anota├º├úo para tipos de refer├¬ncia anul├íveis deve ser usada apenas em c├│digo em um contexto de anota├º├Áes '#nullable'. [C:\Users\felyp\Desktop\Projetos\Figlotech\Figlotech.Core\Figlotech.Core.csproj]
C:\Users\felyp\Desktop\Projetos\Figlotech\Figlotech.Core\Helpers\ReflectionTool.cs(970,71): warning CS8632: A anota├º├úo para tipos de refer├¬ncia anul├íveis deve ser usada apenas em c├│digo em um contexto de anota├º├Áes '#nullable'. [C:\Users\felyp\Desktop\Projetos\Figlotech\Figlotech.Core\Figlotech.Core.csproj]
C:\Users\felyp\Desktop\Projetos\Figlotech\Figlotech.Core\Helpers\ReflectionTool.cs(971,54): warning CS8632: A anota├º├úo para tipos de refer├¬ncia anul├íveis deve ser usada apenas em c├│digo em um contexto de anota├º├Áes '#nullable'. [C:\Users\felyp\Desktop\Projetos\Figlotech\Figlotech.Core\Figlotech.Core.csproj]
C:\Users\felyp\Desktop\Projetos\Figlotech\Figlotech.Core\FiTechCoreExtensions.cs(2016,103): warning CS8632: A anota├º├úo para tipos de refer├¬ncia anul├íveis deve ser usada apenas em c├│digo em um contexto de anota├º├Áes '#nullable'. [C:\Users\felyp\Desktop\Projetos\Figlotech\Figlotech.Core\Figlotech.Core.csproj]
C:\Users\felyp\Desktop\Projetos\Figlotech\Figlotech.Core\FiTechCoreExtensions.cs(2016,126): warning CS8632: A anota├º├úo para tipos de refer├¬ncia anul├íveis deve ser usada apenas em c├│digo em um contexto de anota├º├Áes '#nullable'. [C:\Users\felyp\Desktop\Projetos\Figlotech\Figlotech.Core\Figlotech.Core.csproj]
C:\Users\felyp\Desktop\Projetos\Figlotech\Figlotech.Core\Any.cs(28,35): warning CS0168: A vari├ível "x" est├í declarada, mas nunca ├® usada [C:\Users\felyp\Desktop\Projetos\Figlotech\Figlotech.Core\Figlotech.Core.csproj]
C:\Users\felyp\Desktop\Projetos\Figlotech\Figlotech.Core\Extensions\StringExtensions.cs(57,32): warning CS0168: A vari├ível "exception" est├í declarada, mas nunca ├® usada [C:\Users\felyp\Desktop\Projetos\Figlotech\Figlotech.Core\Figlotech.Core.csproj]
C:\Users\felyp\Desktop\Projetos\Figlotech\Figlotech.Core\Autokryptex\SafeObjectStorage.cs(84,43): warning CS0168: A vari├ível "ex" est├í declarada, mas nunca ├® usada [C:\Users\felyp\Desktop\Projetos\Figlotech\Figlotech.Core\Figlotech.Core.csproj]
C:\Users\felyp\Desktop\Projetos\Figlotech\Figlotech.Core\Autokryptex\SafeObjectStorage.cs(79,39): warning CS0168: A vari├ível "x" est├í declarada, mas nunca ├® usada [C:\Users\felyp\Desktop\Projetos\Figlotech\Figlotech.Core\Figlotech.Core.csproj]
C:\Users\felyp\Desktop\Projetos\Figlotech\Figlotech.Core\SerializableFiltering\WhereEngine.cs(82,18): warning CS0219: A vari├ível "hasItems" ├® atribu├¡da, mas seu valor nunca ├® usado [C:\Users\felyp\Desktop\Projetos\Figlotech\Figlotech.Core\Figlotech.Core.csproj]
C:\Users\felyp\Desktop\Projetos\Figlotech\Figlotech.Core\Autokryptex\Legacy\LegacyCrossRandom.cs(150,17): warning CS0219: A vari├ível "r" ├® atribu├¡da, mas seu valor nunca ├® usado [C:\Users\felyp\Desktop\Projetos\Figlotech\Figlotech.Core\Figlotech.Core.csproj]
C:\Users\felyp\Desktop\Projetos\Figlotech\Figlotech.Core\FiHttp.cs(67,32): warning CS0168: A vari├ível "ex" est├í declarada, mas nunca ├® usada [C:\Users\felyp\Desktop\Projetos\Figlotech\Figlotech.Core\Figlotech.Core.csproj]
C:\Users\felyp\Desktop\Projetos\Figlotech\Figlotech.Core\Data\SimpleCSVFormatter.cs(65,21): warning CS0162: C├│digo inacess├¡vel detectado [C:\Users\felyp\Desktop\Projetos\Figlotech\Figlotech.Core\Figlotech.Core.csproj]
C:\Users\felyp\Desktop\Projetos\Figlotech\Figlotech.Core\FileAssistedCache.cs(61,36): warning CS0168: A vari├ível "x" est├í declarada, mas nunca ├® usada [C:\Users\felyp\Desktop\Projetos\Figlotech\Figlotech.Core\Figlotech.Core.csproj]
C:\Users\felyp\Desktop\Projetos\Figlotech\Figlotech.Core\FileAccessAbstractions\FileAccessor.cs(65,32): warning CS0168: A vari├ível "x" est├í declarada, mas nunca ├® usada [C:\Users\felyp\Desktop\Projetos\Figlotech\Figlotech.Core\Figlotech.Core.csproj]
C:\Users\felyp\Desktop\Projetos\Figlotech\Figlotech.Core\FileAssistedCache.cs(83,32): warning CS0168: A vari├ível "x" est├í declarada, mas nunca ├® usada [C:\Users\felyp\Desktop\Projetos\Figlotech\Figlotech.Core\Figlotech.Core.csproj]
C:\Users\felyp\Desktop\Projetos\Figlotech\Figlotech.Core\SerializableFiltering\WhereEngine.cs(151,19): warning CS8632: A anota├º├úo para tipos de refer├¬ncia anul├íveis deve ser usada apenas em c├│digo em um contexto de anota├º├Áes '#nullable'. [C:\Users\felyp\Desktop\Projetos\Figlotech\Figlotech.Core\Figlotech.Core.csproj]
C:\Users\felyp\Desktop\Projetos\Figlotech\Figlotech.Core\Helpers\ReflectionTool.cs(970,154): warning CS8632: A anota├º├úo para tipos de refer├¬ncia anul├íveis deve ser usada apenas em c├│digo em um contexto de anota├º├Áes '#nullable'. [C:\Users\felyp\Desktop\Projetos\Figlotech\Figlotech.Core\Figlotech.Core.csproj]
C:\Users\felyp\Desktop\Projetos\Figlotech\Figlotech.Core\Helpers\ReflectionTool.cs(971,149): warning CS8632: A anota├º├úo para tipos de refer├¬ncia anul├íveis deve ser usada apenas em c├│digo em um contexto de anota├º├Áes '#nullable'. [C:\Users\felyp\Desktop\Projetos\Figlotech\Figlotech.Core\Figlotech.Core.csproj]
C:\Users\felyp\Desktop\Projetos\Figlotech\Figlotech.Core\SerializableFiltering\WhereEngine.cs(164,19): warning CS8632: A anota├º├úo para tipos de refer├¬ncia anul├íveis deve ser usada apenas em c├│digo em um contexto de anota├º├Áes '#nullable'. [C:\Users\felyp\Desktop\Projetos\Figlotech\Figlotech.Core\Figlotech.Core.csproj]
C:\Users\felyp\Desktop\Projetos\Figlotech\Figlotech.Core\ParallelFlow\AsyncEnumerableWeaver.cs(31,22): warning CS8632: A anota├º├úo para tipos de refer├¬ncia anul├íveis deve ser usada apenas em c├│digo em um contexto de anota├º├Áes '#nullable'. [C:\Users\felyp\Desktop\Projetos\Figlotech\Figlotech.Core\Figlotech.Core.csproj]
C:\Users\felyp\Desktop\Projetos\Figlotech\Figlotech.Core\FileAssistedCache.cs(129,32): warning CS0168: A vari├ível "x" est├í declarada, mas nunca ├® usada [C:\Users\felyp\Desktop\Projetos\Figlotech\Figlotech.Core\Figlotech.Core.csproj]
C:\Users\felyp\Desktop\Projetos\Figlotech\Figlotech.Core\Logger.cs(76,40): warning CS0168: A vari├ível "x" est├í declarada, mas nunca ├® usada [C:\Users\felyp\Desktop\Projetos\Figlotech\Figlotech.Core\Figlotech.Core.csproj]
C:\Users\felyp\Desktop\Projetos\Figlotech\Figlotech.Core\SplitStream.cs(66,43): error CS1061: ÔÇÿList<SplitStreamView>ÔÇÖ n├úo cont├®m uma defini├º├úo para "Min" e n├úo foi poss├¡vel encontrar nenhum m├®todo de extens├úo "Min" que aceite um primeiro argumento do tipo ÔÇÿList<SplitStreamView>ÔÇÖ (voc├¬ est├í se esquecendo de usar uma diretiva ou uma refer├¬ncia de assembly?) [C:\Users\felyp\Desktop\Projetos\Figlotech\Figlotech.Core\Figlotech.Core.csproj]
C:\Users\felyp\Desktop\Projetos\Figlotech\Figlotech.Core\FiHttp.cs(205,32): warning CS0168: A vari├ível "x" est├í declarada, mas nunca ├® usada [C:\Users\felyp\Desktop\Projetos\Figlotech\Figlotech.Core\Figlotech.Core.csproj]
C:\Users\felyp\Desktop\Projetos\Figlotech\Figlotech.Core\Helpers\ReflectionTool.cs(178,36): warning CS0168: A vari├ível "x" est├í declarada, mas nunca ├® usada [C:\Users\felyp\Desktop\Projetos\Figlotech\Figlotech.Core\Figlotech.Core.csproj]
C:\Users\felyp\Desktop\Projetos\Figlotech\Figlotech.Core\DomainEvents\DomainEventsHub.cs(190,44): warning CS0168: A vari├ível "y" est├í declarada, mas nunca ├® usada [C:\Users\felyp\Desktop\Projetos\Figlotech\Figlotech.Core\Figlotech.Core.csproj]
C:\Users\felyp\Desktop\Projetos\Figlotech\Figlotech.Core\ParallelFlow\FlowOperators.cs(134,18): warning CS8632: A anota├º├úo para tipos de refer├¬ncia anul├íveis deve ser usada apenas em c├│digo em um contexto de anota├º├Áes '#nullable'. [C:\Users\felyp\Desktop\Projetos\Figlotech\Figlotech.Core\Figlotech.Core.csproj]
C:\Users\felyp\Desktop\Projetos\Figlotech\Figlotech.Core\RID.cs(110,39): warning CS0168: A vari├ível "x" est├í declarada, mas nunca ├® usada [C:\Users\felyp\Desktop\Projetos\Figlotech\Figlotech.Core\Figlotech.Core.csproj]
C:\Users\felyp\Desktop\Projetos\Figlotech\Figlotech.Core\RID.cs(118,40): warning CS0168: A vari├ível "x" est├í declarada, mas nunca ├® usada [C:\Users\felyp\Desktop\Projetos\Figlotech\Figlotech.Core\Figlotech.Core.csproj]
C:\Users\felyp\Desktop\Projetos\Figlotech\Figlotech.Core\ResultCache.cs(104,32): warning CS0168: A vari├ível "x" est├í declarada, mas nunca ├® usada [C:\Users\felyp\Desktop\Projetos\Figlotech\Figlotech.Core\Figlotech.Core.csproj]
C:\Users\felyp\Desktop\Projetos\Figlotech\Figlotech.Core\ParallelFlow\FlowOperators.cs(224,18): warning CS8632: A anota├º├úo para tipos de refer├¬ncia anul├íveis deve ser usada apenas em c├│digo em um contexto de anota├º├Áes '#nullable'. [C:\Users\felyp\Desktop\Projetos\Figlotech\Figlotech.Core\Figlotech.Core.csproj]
C:\Users\felyp\Desktop\Projetos\Figlotech\Figlotech.Core\ResultCache.cs(148,31): warning CS0168: A vari├ível "x" est├í declarada, mas nunca ├® usada [C:\Users\felyp\Desktop\Projetos\Figlotech\Figlotech.Core\Figlotech.Core.csproj]
C:\Users\felyp\Desktop\Projetos\Figlotech\Figlotech.Core\DomainEvents\DomainEventsHub.cs(274,43): warning CS0168: A vari├ível "x" est├í declarada, mas nunca ├® usada [C:\Users\felyp\Desktop\Projetos\Figlotech\Figlotech.Core\Figlotech.Core.csproj]
C:\Users\felyp\Desktop\Projetos\Figlotech\Figlotech.Core\Helpers\ReflectionTool.cs(315,40): warning CS0168: A vari├ível "x" est├í declarada, mas nunca ├® usada [C:\Users\felyp\Desktop\Projetos\Figlotech\Figlotech.Core\Figlotech.Core.csproj]
C:\Users\felyp\Desktop\Projetos\Figlotech\Figlotech.Core\ParallelFlow\FlowOperators.cs(276,26): warning CS8632: A anota├º├úo para tipos de refer├¬ncia anul├íveis deve ser usada apenas em c├│digo em um contexto de anota├º├Áes '#nullable'. [C:\Users\felyp\Desktop\Projetos\Figlotech\Figlotech.Core\Figlotech.Core.csproj]
C:\Users\felyp\Desktop\Projetos\Figlotech\Figlotech.Core\FileAccessAbstractions\SmartCopy.cs(393,51): warning CS0168: A vari├ível "x" est├í declarada, mas nunca ├® usada [C:\Users\felyp\Desktop\Projetos\Figlotech\Figlotech.Core\Figlotech.Core.csproj]
C:\Users\felyp\Desktop\Projetos\Figlotech\Figlotech.Core\FileAccessAbstractions\SmartCopy.cs(440,38): warning CS0168: A vari├ível "x" est├í declarada, mas nunca ├® usada [C:\Users\felyp\Desktop\Projetos\Figlotech\Figlotech.Core\Figlotech.Core.csproj]
C:\Users\felyp\Desktop\Projetos\Figlotech\Figlotech.Core\ParallelFlow\FlowOperators.cs(312,18): warning CS8632: A anota├º├úo para tipos de refer├¬ncia anul├íveis deve ser usada apenas em c├│digo em um contexto de anota├º├Áes '#nullable'. [C:\Users\felyp\Desktop\Projetos\Figlotech\Figlotech.Core\Figlotech.Core.csproj]
C:\Users\felyp\Desktop\Projetos\Figlotech\Figlotech.Core\RID.cs(237,39): warning CS0168: A vari├ível "x" est├í declarada, mas nunca ├® usada [C:\Users\felyp\Desktop\Projetos\Figlotech\Figlotech.Core\Figlotech.Core.csproj]
C:\Users\felyp\Desktop\Projetos\Figlotech\Figlotech.Core\RID.cs(245,40): warning CS0168: A vari├ível "x" est├í declarada, mas nunca ├® usada [C:\Users\felyp\Desktop\Projetos\Figlotech\Figlotech.Core\Figlotech.Core.csproj]
C:\Users\felyp\Desktop\Projetos\Figlotech\Figlotech.Core\FileAccessAbstractions\SmartCopy.cs(488,36): warning CS0168: A vari├ível "x" est├í declarada, mas nunca ├® usada [C:\Users\felyp\Desktop\Projetos\Figlotech\Figlotech.Core\Figlotech.Core.csproj]
C:\Users\felyp\Desktop\Projetos\Figlotech\Figlotech.Core\Helpers\ReflectionTool.cs(742,35): warning CS0168: A vari├ível "x" est├í declarada, mas nunca ├® usada [C:\Users\felyp\Desktop\Projetos\Figlotech\Figlotech.Core\Figlotech.Core.csproj]
C:\Users\felyp\Desktop\Projetos\Figlotech\Figlotech.Core\FiTechCoreExtensions.cs(617,44): warning CS0168: A vari├ível "x" est├í declarada, mas nunca ├® usada [C:\Users\felyp\Desktop\Projetos\Figlotech\Figlotech.Core\Figlotech.Core.csproj]
C:\Users\felyp\Desktop\Projetos\Figlotech\Figlotech.Core\Helpers\ReflectionTool.cs(1096,44): warning CS0168: A vari├ível "ex" est├í declarada, mas nunca ├® usada [C:\Users\felyp\Desktop\Projetos\Figlotech\Figlotech.Core\Figlotech.Core.csproj]
C:\Users\felyp\Desktop\Projetos\Figlotech\Figlotech.Core\FiTechCoreExtensions.cs(1785,36): warning CS0168: A vari├ível "y" est├í declarada, mas nunca ├® usada [C:\Users\felyp\Desktop\Projetos\Figlotech\Figlotech.Core\Figlotech.Core.csproj]
C:\Users\felyp\Desktop\Projetos\Figlotech\Figlotech.Core\FiTechCoreExtensions.cs(1793,36): warning CS0168: A vari├ível "y" est├í declarada, mas nunca ├® usada [C:\Users\felyp\Desktop\Projetos\Figlotech\Figlotech.Core\Figlotech.Core.csproj]
C:\Users\felyp\Desktop\Projetos\Figlotech\Figlotech.Core\InAppServiceHosting\FthServiceInfo.cs(11,21): warning CS0649: Campo "FthServiceInfo.service" nunca ├® atribu├¡do e sempre ter├í seu valor padr├úo null [C:\Users\felyp\Desktop\Projetos\Figlotech\Figlotech.Core\Figlotech.Core.csproj]
C:\Users\felyp\Desktop\Projetos\Figlotech\Figlotech.Core\InAppServiceHosting\LiteWebHost\SelfHost.cs(80,14): warning CS0649: Campo "SelfHost.started" nunca ├® atribu├¡do e sempre ter├í seu valor padr├úo false [C:\Users\felyp\Desktop\Projetos\Figlotech\Figlotech.Core\Figlotech.Core.csproj]
C:\Users\felyp\Desktop\Projetos\Figlotech\Figlotech.Core\InAppServiceHosting\FthAbstractPipeServer.cs(21,27): warning CS0169: O campo "FthAbstractPipeServer.cancellationToken" nunca ├® usado [C:\Users\felyp\Desktop\Projetos\Figlotech\Figlotech.Core\Figlotech.Core.csproj]
C:\Users\felyp\Desktop\Projetos\Figlotech\Figlotech.Core\InAppServiceHosting\LiteWebHost\SelfHost.cs(79,21): warning CS0169: O campo "SelfHost.listener" nunca ├® usado [C:\Users\felyp\Desktop\Projetos\Figlotech\Figlotech.Core\Figlotech.Core.csproj]
C:\Users\felyp\Desktop\Projetos\Figlotech\Figlotech.Core\InAppServiceHosting\CompactHttpServer.cs(118,21): warning CS0169: O campo "SelfHost.listener" nunca ├® usado [C:\Users\felyp\Desktop\Projetos\Figlotech\Figlotech.Core\Figlotech.Core.csproj]
C:\Users\felyp\Desktop\Projetos\Figlotech\Figlotech.Core\InAppServiceHosting\CompactHttpServer.cs(322,21): warning CS0169: O campo "SelfHost.RequestLog" nunca ├® usado [C:\Users\felyp\Desktop\Projetos\Figlotech\Figlotech.Core\Figlotech.Core.csproj]
C:\Users\felyp\Desktop\Projetos\Figlotech\Figlotech.Core\Autokryptex\Legacy\LegacyCrossRandom.cs(108,22): warning CS0169: O campo "LegacyCrossRandom.Subcount" nunca ├® usado [C:\Users\felyp\Desktop\Projetos\Figlotech\Figlotech.Core\Figlotech.Core.csproj]
C:\Users\felyp\Desktop\Projetos\Figlotech\Figlotech.Core\Autokryptex\Legacy\LegacyEnigmaEncryptor.cs(16,21): warning CS0169: O campo "LegacyEnigmaEncryptor.enigmaPin" nunca ├® usado [C:\Users\felyp\Desktop\Projetos\Figlotech\Figlotech.Core\Figlotech.Core.csproj]
C:\Users\felyp\Desktop\Projetos\Figlotech\Figlotech.Core\Autokryptex\EnigmaEncryptor.cs(16,21): warning CS0169: O campo "EnigmaEncryptor.enigmaPin" nunca ├® usado [C:\Users\felyp\Desktop\Projetos\Figlotech\Figlotech.Core\Figlotech.Core.csproj]
C:\Users\felyp\Desktop\Projetos\Figlotech\Figlotech.Core\InAppServiceHosting\LiteWebHost\SelfHost.cs(309,21): warning CS0169: O campo "SelfHost.RequestLog" nunca ├® usado [C:\Users\felyp\Desktop\Projetos\Figlotech\Figlotech.Core\Figlotech.Core.csproj]
C:\Users\felyp\Desktop\Projetos\Figlotech\Figlotech.Core\InAppServiceHosting\CompactHttpServer.cs(119,14): warning CS0649: Campo "SelfHost.started" nunca ├® atribu├¡do e sempre ter├í seu valor padr├úo false [C:\Users\felyp\Desktop\Projetos\Figlotech\Figlotech.Core\Figlotech.Core.csproj]
C:\Users\felyp\Desktop\Projetos\Figlotech\Figlotech.Core\Autokryptex\Legacy\LegacyAutokryptexEncryptor.cs(18,28): warning CS0169: O campo "LegacyAutokryptexEncryptor.TwoWayEncryptor" nunca ├® usado [C:\Users\felyp\Desktop\Projetos\Figlotech\Figlotech.Core\Figlotech.Core.csproj]
C:\Users\felyp\Desktop\Projetos\Figlotech\Figlotech.Core\FileAccessAbstractions\SmartCopy.cs(451,13): warning CS0414: O campo "SmartCopy.workedFiles" ├® atribu├¡do, mas seu valor nunca ├® usado [C:\Users\felyp\Desktop\Projetos\Figlotech\Figlotech.Core\Figlotech.Core.csproj]
C:\Users\felyp\Desktop\Projetos\Figlotech\Figlotech.Core\Data\QueryBuilder.cs(217,22): warning CS0414: O campo "QueryBuilder._elseEngaged" ├® atribu├¡do, mas seu valor nunca ├® usado [C:\Users\felyp\Desktop\Projetos\Figlotech\Figlotech.Core\Figlotech.Core.csproj]
C:\Users\felyp\Desktop\Projetos\Figlotech\Figlotech.Core\FiTechCoreExtensions.cs(395,21): warning CS0414: O campo "FiTechCoreExtensions.isNtpTimeRequestedAlready" ├® atribu├¡do, mas seu valor nunca ├® usado [C:\Users\felyp\Desktop\Projetos\Figlotech\Figlotech.Core\Figlotech.Core.csproj]
C:\Users\felyp\Desktop\Projetos\Figlotech\Figlotech.Core\Logger.cs(48,13): warning CS0414: O campo "Logger.maxBounce" ├® atribu├¡do, mas seu valor nunca ├® usado [C:\Users\felyp\Desktop\Projetos\Figlotech\Figlotech.Core\Figlotech.Core.csproj]
C:\Users\felyp\Desktop\Projetos\Figlotech\Figlotech.Core\DomainEvents\DomainEvent.cs(38,22): warning CS0414: O campo "DomainEvent.antiCollider" ├® atribu├¡do, mas seu valor nunca ├® usado [C:\Users\felyp\Desktop\Projetos\Figlotech\Figlotech.Core\Figlotech.Core.csproj]
C:\Users\felyp\Desktop\Projetos\Figlotech\Figlotech.Core\FiTechCoreExtensions.cs(125,28): warning CS0414: O campo "FiTechCoreExtensions._generalId" ├® atribu├¡do, mas seu valor nunca ├® usado [C:\Users\felyp\Desktop\Projetos\Figlotech\Figlotech.Core\Figlotech.Core.csproj]
C:\Users\felyp\Desktop\Projetos\Figlotech\Figlotech.Core\FiHttp.cs(267,20): warning CS0414: O campo "FiHttp.client" ├® atribu├¡do, mas seu valor nunca ├® usado [C:\Users\felyp\Desktop\Projetos\Figlotech\Figlotech.Core\Figlotech.Core.csproj]
C:\Users\felyp\Desktop\Projetos\Figlotech\Figlotech.Core\Logger.cs(18,21): warning CS0414: O campo "Logger.writec" ├® atribu├¡do, mas seu valor nunca ├® usado [C:\Users\felyp\Desktop\Projetos\Figlotech\Figlotech.Core\Figlotech.Core.csproj]
C:\Users\felyp\Desktop\Projetos\Figlotech\Figlotech.Core\TimedCache.cs(34,14): warning CS0414: O campo "TimedCache<TKey, T>.isDisposed" ├® atribu├¡do, mas seu valor nunca ├® usado [C:\Users\felyp\Desktop\Projetos\Figlotech\Figlotech.Core\Figlotech.Core.csproj]
C:\Users\felyp\Desktop\Projetos\Figlotech\Figlotech.Core\DomainEvents\DomainEventsHub.cs(50,22): warning CS0414: O campo "DomainEventsHub.IsTerminationIssued" ├® atribu├¡do, mas seu valor nunca ├® usado [C:\Users\felyp\Desktop\Projetos\Figlotech\Figlotech.Core\Figlotech.Core.csproj]
C:\Users\felyp\Desktop\Projetos\Figlotech\Figlotech.Core\InAppServiceHosting\ServiceHost.cs(34,13): warning CS0414: O campo "ServiceHost.idgen" ├® atribu├¡do, mas seu valor nunca ├® usado [C:\Users\felyp\Desktop\Projetos\Figlotech\Figlotech.Core\Figlotech.Core.csproj]
C:\Users\felyp\Desktop\Projetos\Figlotech\Figlotech.Core\DomainEvents\DomainEvent.cs(40,15): warning CS0414: O campo "DomainEvent.created" ├® atribu├¡do, mas seu valor nunca ├® usado [C:\Users\felyp\Desktop\Projetos\Figlotech\Figlotech.Core\Figlotech.Core.csproj]

FALHA da compila├º├úo.

C:\Users\felyp\Desktop\Projetos\Figlotech\Figlotech.Core\Exceptions\BusinessValidationException.cs(31,19): warning CS0628: 'BusinessValidationException.BusinessValidationException(SerializationInfo, StreamingContext)': novo membro protegido declarado no tipo selado [C:\Users\felyp\Desktop\Projetos\Figlotech\Figlotech.Core\Figlotech.Core.csproj]
C:\Users\felyp\Desktop\Projetos\Figlotech\Figlotech.Core\Exceptions\AuthenticationFailedException.cs(19,19): warning CS0628: 'AuthenticationFailedException.AuthenticationFailedException(SerializationInfo, StreamingContext)': novo membro protegido declarado no tipo selado [C:\Users\felyp\Desktop\Projetos\Figlotech\Figlotech.Core\Figlotech.Core.csproj]
C:\Users\felyp\Desktop\Projetos\Figlotech\Figlotech.Core\SerializableFiltering\Expr.cs(99,22): warning CS8632: A anota├º├úo para tipos de refer├¬ncia anul├íveis deve ser usada apenas em c├│digo em um contexto de anota├º├Áes '#nullable'. [C:\Users\felyp\Desktop\Projetos\Figlotech\Figlotech.Core\Figlotech.Core.csproj]
C:\Users\felyp\Desktop\Projetos\Figlotech\Figlotech.Core\SerializableFiltering\Expr.cs(95,34): warning CS8632: A anota├º├úo para tipos de refer├¬ncia anul├íveis deve ser usada apenas em c├│digo em um contexto de anota├º├Áes '#nullable'. [C:\Users\felyp\Desktop\Projetos\Figlotech\Figlotech.Core\Figlotech.Core.csproj]
C:\Users\felyp\Desktop\Projetos\Figlotech\Figlotech.Core\Exceptions\ExternalServerTimeoutException.cs(19,19): warning CS0628: 'ExternalServerTimeoutException.ExternalServerTimeoutException(SerializationInfo, StreamingContext)': novo membro protegido declarado no tipo selado [C:\Users\felyp\Desktop\Projetos\Figlotech\Figlotech.Core\Figlotech.Core.csproj]
C:\Users\felyp\Desktop\Projetos\Figlotech\Figlotech.Core\Exceptions\FailedExpectationException.cs(19,19): warning CS0628: 'FailedExpectationException.FailedExpectationException(SerializationInfo, StreamingContext)': novo membro protegido declarado no tipo selado [C:\Users\felyp\Desktop\Projetos\Figlotech\Figlotech.Core\Figlotech.Core.csproj]
C:\Users\felyp\Desktop\Projetos\Figlotech\Figlotech.Core\Exceptions\InternalProgramException.cs(17,19): warning CS0628: 'InternalProgramException.InternalProgramException(SerializationInfo, StreamingContext)': novo membro protegido declarado no tipo selado [C:\Users\felyp\Desktop\Projetos\Figlotech\Figlotech.Core\Figlotech.Core.csproj]
C:\Users\felyp\Desktop\Projetos\Figlotech\Figlotech.Core\Exceptions\ObjectNotFoundException.cs(19,19): warning CS0628: 'ObjectNotFoundException.ObjectNotFoundException(SerializationInfo, StreamingContext)': novo membro protegido declarado no tipo selado [C:\Users\felyp\Desktop\Projetos\Figlotech\Figlotech.Core\Figlotech.Core.csproj]
C:\Users\felyp\Desktop\Projetos\Figlotech\Figlotech.Core\Exceptions\ForbiddenAccessException.cs(19,19): warning CS0628: 'ForbiddenAccessException.ForbiddenAccessException(SerializationInfo, StreamingContext)': novo membro protegido declarado no tipo selado [C:\Users\felyp\Desktop\Projetos\Figlotech\Figlotech.Core\Figlotech.Core.csproj]
C:\Users\felyp\Desktop\Projetos\Figlotech\Figlotech.Core\SerializableFiltering\WhereEngine.cs(18,66): warning CS8632: A anota├º├úo para tipos de refer├¬ncia anul├íveis deve ser usada apenas em c├│digo em um contexto de anota├º├Áes '#nullable'. [C:\Users\felyp\Desktop\Projetos\Figlotech\Figlotech.Core\Figlotech.Core.csproj]
C:\Users\felyp\Desktop\Projetos\Figlotech\Figlotech.Core\SerializableFiltering\WhereEngine.cs(39,44): warning CS8632: A anota├º├úo para tipos de refer├¬ncia anul├íveis deve ser usada apenas em c├│digo em um contexto de anota├º├Áes '#nullable'. [C:\Users\felyp\Desktop\Projetos\Figlotech\Figlotech.Core\Figlotech.Core.csproj]
C:\Users\felyp\Desktop\Projetos\Figlotech\Figlotech.Core\SerializableFiltering\WhereEngine.cs(47,99): warning CS8632: A anota├º├úo para tipos de refer├¬ncia anul├íveis deve ser usada apenas em c├│digo em um contexto de anota├º├Áes '#nullable'. [C:\Users\felyp\Desktop\Projetos\Figlotech\Figlotech.Core\Figlotech.Core.csproj]
C:\Users\felyp\Desktop\Projetos\Figlotech\Figlotech.Core\SerializableFiltering\WhereEngine.cs(103,64): warning CS8632: A anota├º├úo para tipos de refer├¬ncia anul├íveis deve ser usada apenas em c├│digo em um contexto de anota├º├Áes '#nullable'. [C:\Users\felyp\Desktop\Projetos\Figlotech\Figlotech.Core\Figlotech.Core.csproj]
C:\Users\felyp\Desktop\Projetos\Figlotech\Figlotech.Core\SerializableFiltering\WhereEngine.cs(109,74): warning CS8632: A anota├º├úo para tipos de refer├¬ncia anul├íveis deve ser usada apenas em c├│digo em um contexto de anota├º├Áes '#nullable'. [C:\Users\felyp\Desktop\Projetos\Figlotech\Figlotech.Core\Figlotech.Core.csproj]
C:\Users\felyp\Desktop\Projetos\Figlotech\Figlotech.Core\SerializableFiltering\WhereEngine.cs(138,76): warning CS8632: A anota├º├úo para tipos de refer├¬ncia anul├íveis deve ser usada apenas em c├│digo em um contexto de anota├º├Áes '#nullable'. [C:\Users\felyp\Desktop\Projetos\Figlotech\Figlotech.Core\Figlotech.Core.csproj]
C:\Users\felyp\Desktop\Projetos\Figlotech\Figlotech.Core\SerializableFiltering\WhereEngine.cs(138,30): warning CS8632: A anota├º├úo para tipos de refer├¬ncia anul├íveis deve ser usada apenas em c├│digo em um contexto de anota├º├Áes '#nullable'. [C:\Users\felyp\Desktop\Projetos\Figlotech\Figlotech.Core\Figlotech.Core.csproj]
C:\Users\felyp\Desktop\Projetos\Figlotech\Figlotech.Core\SerializableFiltering\WhereEngine.cs(149,75): warning CS8632: A anota├º├úo para tipos de refer├¬ncia anul├íveis deve ser usada apenas em c├│digo em um contexto de anota├º├Áes '#nullable'. [C:\Users\felyp\Desktop\Projetos\Figlotech\Figlotech.Core\Figlotech.Core.csproj]
C:\Users\felyp\Desktop\Projetos\Figlotech\Figlotech.Core\SerializableFiltering\WhereEngine.cs(149,30): warning CS8632: A anota├º├úo para tipos de refer├¬ncia anul├íveis deve ser usada apenas em c├│digo em um contexto de anota├º├Áes '#nullable'. [C:\Users\felyp\Desktop\Projetos\Figlotech\Figlotech.Core\Figlotech.Core.csproj]
C:\Users\felyp\Desktop\Projetos\Figlotech\Figlotech.Core\SerializableFiltering\WhereEngine.cs(163,30): warning CS8632: A anota├º├úo para tipos de refer├¬ncia anul├íveis deve ser usada apenas em c├│digo em um contexto de anota├º├Áes '#nullable'. [C:\Users\felyp\Desktop\Projetos\Figlotech\Figlotech.Core\Figlotech.Core.csproj]
C:\Users\felyp\Desktop\Projetos\Figlotech\Figlotech.Core\SerializableFiltering\WhereEngine.cs(183,47): warning CS8632: A anota├º├úo para tipos de refer├¬ncia anul├íveis deve ser usada apenas em c├│digo em um contexto de anota├º├Áes '#nullable'. [C:\Users\felyp\Desktop\Projetos\Figlotech\Figlotech.Core\Figlotech.Core.csproj]
C:\Users\felyp\Desktop\Projetos\Figlotech\Figlotech.Core\SerializableFiltering\WhereEngine.cs(183,58): warning CS8632: A anota├º├úo para tipos de refer├¬ncia anul├íveis deve ser usada apenas em c├│digo em um contexto de anota├º├Áes '#nullable'. [C:\Users\felyp\Desktop\Projetos\Figlotech\Figlotech.Core\Figlotech.Core.csproj]
C:\Users\felyp\Desktop\Projetos\Figlotech\Figlotech.Core\SerializableFiltering\WhereEngine.cs(194,47): warning CS8632: A anota├º├úo para tipos de refer├¬ncia anul├íveis deve ser usada apenas em c├│digo em um contexto de anota├º├Áes '#nullable'. [C:\Users\felyp\Desktop\Projetos\Figlotech\Figlotech.Core\Figlotech.Core.csproj]
C:\Users\felyp\Desktop\Projetos\Figlotech\Figlotech.Core\SerializableFiltering\WhereEngine.cs(194,58): warning CS8632: A anota├º├úo para tipos de refer├¬ncia anul├íveis deve ser usada apenas em c├│digo em um contexto de anota├º├Áes '#nullable'. [C:\Users\felyp\Desktop\Projetos\Figlotech\Figlotech.Core\Figlotech.Core.csproj]
C:\Users\felyp\Desktop\Projetos\Figlotech\Figlotech.Core\ParallelFlow\ActionBlock.cs(36,33): warning CS8632: A anota├º├úo para tipos de refer├¬ncia anul├íveis deve ser usada apenas em c├│digo em um contexto de anota├º├Áes '#nullable'. [C:\Users\felyp\Desktop\Projetos\Figlotech\Figlotech.Core\Figlotech.Core.csproj]
C:\Users\felyp\Desktop\Projetos\Figlotech\Figlotech.Core\ParallelFlow\ActionBlock.cs(46,33): warning CS8632: A anota├º├úo para tipos de refer├¬ncia anul├íveis deve ser usada apenas em c├│digo em um contexto de anota├º├Áes '#nullable'. [C:\Users\felyp\Desktop\Projetos\Figlotech\Figlotech.Core\Figlotech.Core.csproj]
C:\Users\felyp\Desktop\Projetos\Figlotech\Figlotech.Core\ParallelFlow\IParallelFlowStep.cs(13,32): warning CS0108: "IParallelFlowStepOut<TOut>.GetAsyncEnumerator(CancellationToken)" oculta o membro herdado "IAsyncEnumerable<TOut>.GetAsyncEnumerator(CancellationToken)". Use a nova palavra-chave se foi pretendido ocultar. [C:\Users\felyp\Desktop\Projetos\Figlotech\Figlotech.Core\Figlotech.Core.csproj]
C:\Users\felyp\Desktop\Projetos\Figlotech\Figlotech.Core\Helpers\ReflectionException.cs(16,19): warning CS0628: 'ReflectionException.ReflectionException(SerializationInfo, StreamingContext)': novo membro protegido declarado no tipo selado [C:\Users\felyp\Desktop\Projetos\Figlotech\Figlotech.Core\Figlotech.Core.csproj]
C:\Users\felyp\Desktop\Projetos\Figlotech\Figlotech.Core\ParallelFlow\ActionBlock.cs(18,73): warning CS8632: A anota├º├úo para tipos de refer├¬ncia anul├íveis deve ser usada apenas em c├│digo em um contexto de anota├º├Áes '#nullable'. [C:\Users\felyp\Desktop\Projetos\Figlotech\Figlotech.Core\Figlotech.Core.csproj]
C:\Users\felyp\Desktop\Projetos\Figlotech\Figlotech.Core\Helpers\ReflectionTool.cs(136,27): warning CS8632: A anota├º├úo para tipos de refer├¬ncia anul├íveis deve ser usada apenas em c├│digo em um contexto de anota├º├Áes '#nullable'. [C:\Users\felyp\Desktop\Projetos\Figlotech\Figlotech.Core\Figlotech.Core.csproj]
C:\Users\felyp\Desktop\Projetos\Figlotech\Figlotech.Core\ParallelFlow\FlowOperators.cs(341,31): warning CS8632: A anota├º├úo para tipos de refer├¬ncia anul├íveis deve ser usada apenas em c├│digo em um contexto de anota├º├Áes '#nullable'. [C:\Users\felyp\Desktop\Projetos\Figlotech\Figlotech.Core\Figlotech.Core.csproj]
C:\Users\felyp\Desktop\Projetos\Figlotech\Figlotech.Core\ParallelFlow\FlowOperators.cs(342,32): warning CS8632: A anota├º├úo para tipos de refer├¬ncia anul├íveis deve ser usada apenas em c├│digo em um contexto de anota├º├Áes '#nullable'. [C:\Users\felyp\Desktop\Projetos\Figlotech\Figlotech.Core\Figlotech.Core.csproj]
C:\Users\felyp\Desktop\Projetos\Figlotech\Figlotech.Core\ParallelFlow\IFlowBlock.cs(66,37): warning CS8632: A anota├º├úo para tipos de refer├¬ncia anul├íveis deve ser usada apenas em c├│digo em um contexto de anota├º├Áes '#nullable'. [C:\Users\felyp\Desktop\Projetos\Figlotech\Figlotech.Core\Figlotech.Core.csproj]
C:\Users\felyp\Desktop\Projetos\Figlotech\Figlotech.Core\ParallelFlow\IFlowBlock.cs(118,48): warning CS8632: A anota├º├úo para tipos de refer├¬ncia anul├íveis deve ser usada apenas em c├│digo em um contexto de anota├º├Áes '#nullable'. [C:\Users\felyp\Desktop\Projetos\Figlotech\Figlotech.Core\Figlotech.Core.csproj]
C:\Users\felyp\Desktop\Projetos\Figlotech\Figlotech.Core\ParallelFlow\SourceBlock.cs(23,33): warning CS8632: A anota├º├úo para tipos de refer├¬ncia anul├íveis deve ser usada apenas em c├│digo em um contexto de anota├º├Áes '#nullable'. [C:\Users\felyp\Desktop\Projetos\Figlotech\Figlotech.Core\Figlotech.Core.csproj]
C:\Users\felyp\Desktop\Projetos\Figlotech\Figlotech.Core\ParallelFlow\TransformBlock.cs(39,33): warning CS8632: A anota├º├úo para tipos de refer├¬ncia anul├íveis deve ser usada apenas em c├│digo em um contexto de anota├º├Áes '#nullable'. [C:\Users\felyp\Desktop\Projetos\Figlotech\Figlotech.Core\Figlotech.Core.csproj]
C:\Users\felyp\Desktop\Projetos\Figlotech\Figlotech.Core\ParallelFlow\SourceBlock.cs(40,33): warning CS8632: A anota├º├úo para tipos de refer├¬ncia anul├íveis deve ser usada apenas em c├│digo em um contexto de anota├º├Áes '#nullable'. [C:\Users\felyp\Desktop\Projetos\Figlotech\Figlotech.Core\Figlotech.Core.csproj]
C:\Users\felyp\Desktop\Projetos\Figlotech\Figlotech.Core\ParallelFlow\FlowOperators.cs(253,30): warning CS8632: A anota├º├úo para tipos de refer├¬ncia anul├íveis deve ser usada apenas em c├│digo em um contexto de anota├º├Áes '#nullable'. [C:\Users\felyp\Desktop\Projetos\Figlotech\Figlotech.Core\Figlotech.Core.csproj]
C:\Users\felyp\Desktop\Projetos\Figlotech\Figlotech.Core\ParallelFlow\TransformBlock.cs(49,33): warning CS8632: A anota├º├úo para tipos de refer├¬ncia anul├íveis deve ser usada apenas em c├│digo em um contexto de anota├º├Áes '#nullable'. [C:\Users\felyp\Desktop\Projetos\Figlotech\Figlotech.Core\Figlotech.Core.csproj]
C:\Users\felyp\Desktop\Projetos\Figlotech\Figlotech.Core\ParallelFlow\IFlowBlock.cs(95,53): warning CS8632: A anota├º├úo para tipos de refer├¬ncia anul├íveis deve ser usada apenas em c├│digo em um contexto de anota├º├Áes '#nullable'. [C:\Users\felyp\Desktop\Projetos\Figlotech\Figlotech.Core\Figlotech.Core.csproj]
C:\Users\felyp\Desktop\Projetos\Figlotech\Figlotech.Core\ParallelFlow\SourceBlock.cs(57,33): warning CS8632: A anota├º├úo para tipos de refer├¬ncia anul├íveis deve ser usada apenas em c├│digo em um contexto de anota├º├Áes '#nullable'. [C:\Users\felyp\Desktop\Projetos\Figlotech\Figlotech.Core\Figlotech.Core.csproj]
C:\Users\felyp\Desktop\Projetos\Figlotech\Figlotech.Core\ParallelFlow\TransformBlock.cs(62,33): warning CS8632: A anota├º├úo para tipos de refer├¬ncia anul├íveis deve ser usada apenas em c├│digo em um contexto de anota├º├Áes '#nullable'. [C:\Users\felyp\Desktop\Projetos\Figlotech\Figlotech.Core\Figlotech.Core.csproj]
C:\Users\felyp\Desktop\Projetos\Figlotech\Figlotech.Core\ParallelFlow\SourceBlock.cs(72,83): warning CS8632: A anota├º├úo para tipos de refer├¬ncia anul├íveis deve ser usada apenas em c├│digo em um contexto de anota├º├Áes '#nullable'. [C:\Users\felyp\Desktop\Projetos\Figlotech\Figlotech.Core\Figlotech.Core.csproj]
C:\Users\felyp\Desktop\Projetos\Figlotech\Figlotech.Core\ParallelFlow\SourceBlock.cs(79,67): warning CS8632: A anota├º├úo para tipos de refer├¬ncia anul├íveis deve ser usada apenas em c├│digo em um contexto de anota├º├Áes '#nullable'. [C:\Users\felyp\Desktop\Projetos\Figlotech\Figlotech.Core\Figlotech.Core.csproj]
C:\Users\felyp\Desktop\Projetos\Figlotech\Figlotech.Core\ParallelFlow\TransformBlock.cs(72,33): warning CS8632: A anota├º├úo para tipos de refer├¬ncia anul├íveis deve ser usada apenas em c├│digo em um contexto de anota├º├Áes '#nullable'. [C:\Users\felyp\Desktop\Projetos\Figlotech\Figlotech.Core\Figlotech.Core.csproj]
C:\Users\felyp\Desktop\Projetos\Figlotech\Figlotech.Core\ParallelFlow\SourceBlock.cs(13,49): warning CS8632: A anota├º├úo para tipos de refer├¬ncia anul├íveis deve ser usada apenas em c├│digo em um contexto de anota├º├Áes '#nullable'. [C:\Users\felyp\Desktop\Projetos\Figlotech\Figlotech.Core\Figlotech.Core.csproj]
C:\Users\felyp\Desktop\Projetos\Figlotech\Figlotech.Core\ParallelFlow\TransformBlock.cs(16,59): warning CS8632: A anota├º├úo para tipos de refer├¬ncia anul├íveis deve ser usada apenas em c├│digo em um contexto de anota├º├Áes '#nullable'. [C:\Users\felyp\Desktop\Projetos\Figlotech\Figlotech.Core\Figlotech.Core.csproj]
C:\Users\felyp\Desktop\Projetos\Figlotech\Figlotech.Core\ParallelFlow\TransformBlock.cs(19,34): warning CS8632: A anota├º├úo para tipos de refer├¬ncia anul├íveis deve ser usada apenas em c├│digo em um contexto de anota├º├Áes '#nullable'. [C:\Users\felyp\Desktop\Projetos\Figlotech\Figlotech.Core\Figlotech.Core.csproj]
C:\Users\felyp\Desktop\Projetos\Figlotech\Figlotech.Core\ParallelFlow\TransformBlock.cs(20,46): warning CS8632: A anota├º├úo para tipos de refer├¬ncia anul├íveis deve ser usada apenas em c├│digo em um contexto de anota├º├Áes '#nullable'. [C:\Users\felyp\Desktop\Projetos\Figlotech\Figlotech.Core\Figlotech.Core.csproj]
C:\Users\felyp\Desktop\Projetos\Figlotech\Figlotech.Core\ParallelFlow\TransformBlock.cs(21,33): warning CS8632: A anota├º├úo para tipos de refer├¬ncia anul├íveis deve ser usada apenas em c├│digo em um contexto de anota├º├Áes '#nullable'. [C:\Users\felyp\Desktop\Projetos\Figlotech\Figlotech.Core\Figlotech.Core.csproj]
C:\Users\felyp\Desktop\Projetos\Figlotech\Figlotech.Core\Helpers\ReflectionTool.cs(618,34): warning CS8632: A anota├º├úo para tipos de refer├¬ncia anul├íveis deve ser usada apenas em c├│digo em um contexto de anota├º├Áes '#nullable'. [C:\Users\felyp\Desktop\Projetos\Figlotech\Figlotech.Core\Figlotech.Core.csproj]
C:\Users\felyp\Desktop\Projetos\Figlotech\Figlotech.Core\FileAssistedCache.cs(13,22): warning CS8632: A anota├º├úo para tipos de refer├¬ncia anul├íveis deve ser usada apenas em c├│digo em um contexto de anota├º├Áes '#nullable'. [C:\Users\felyp\Desktop\Projetos\Figlotech\Figlotech.Core\Figlotech.Core.csproj]
C:\Users\felyp\Desktop\Projetos\Figlotech\Figlotech.Core\FileAssistedCache.cs(67,52): warning CS8632: A anota├º├úo para tipos de refer├¬ncia anul├íveis deve ser usada apenas em c├│digo em um contexto de anota├º├Áes '#nullable'. [C:\Users\felyp\Desktop\Projetos\Figlotech\Figlotech.Core\Figlotech.Core.csproj]
C:\Users\felyp\Desktop\Projetos\Figlotech\Figlotech.Core\FileAssistedCache.cs(89,47): warning CS8632: A anota├º├úo para tipos de refer├¬ncia anul├íveis deve ser usada apenas em c├│digo em um contexto de anota├º├Áes '#nullable'. [C:\Users\felyp\Desktop\Projetos\Figlotech\Figlotech.Core\Figlotech.Core.csproj]
C:\Users\felyp\Desktop\Projetos\Figlotech\Figlotech.Core\FileAssistedCache.cs(137,29): warning CS8632: A anota├º├úo para tipos de refer├¬ncia anul├íveis deve ser usada apenas em c├│digo em um contexto de anota├º├Áes '#nullable'. [C:\Users\felyp\Desktop\Projetos\Figlotech\Figlotech.Core\Figlotech.Core.csproj]
C:\Users\felyp\Desktop\Projetos\Figlotech\Figlotech.Core\FileAssistedCache.cs(149,34): warning CS8632: A anota├º├úo para tipos de refer├¬ncia anul├íveis deve ser usada apenas em c├│digo em um contexto de anota├º├Áes '#nullable'. [C:\Users\felyp\Desktop\Projetos\Figlotech\Figlotech.Core\Figlotech.Core.csproj]
C:\Users\felyp\Desktop\Projetos\Figlotech\Figlotech.Core\FileAssistedCache.cs(19,56): warning CS8632: A anota├º├úo para tipos de refer├¬ncia anul├íveis deve ser usada apenas em c├│digo em um contexto de anota├º├Áes '#nullable'. [C:\Users\felyp\Desktop\Projetos\Figlotech\Figlotech.Core\Figlotech.Core.csproj]
C:\Users\felyp\Desktop\Projetos\Figlotech\Figlotech.Core\Helpers\ReflectionTool.cs(610,87): warning CS8632: A anota├º├úo para tipos de refer├¬ncia anul├íveis deve ser usada apenas em c├│digo em um contexto de anota├º├Áes '#nullable'. [C:\Users\felyp\Desktop\Projetos\Figlotech\Figlotech.Core\Figlotech.Core.csproj]
C:\Users\felyp\Desktop\Projetos\Figlotech\Figlotech.Core\Helpers\ReflectionTool.cs(970,71): warning CS8632: A anota├º├úo para tipos de refer├¬ncia anul├íveis deve ser usada apenas em c├│digo em um contexto de anota├º├Áes '#nullable'. [C:\Users\felyp\Desktop\Projetos\Figlotech\Figlotech.Core\Figlotech.Core.csproj]
C:\Users\felyp\Desktop\Projetos\Figlotech\Figlotech.Core\Helpers\ReflectionTool.cs(971,54): warning CS8632: A anota├º├úo para tipos de refer├¬ncia anul├íveis deve ser usada apenas em c├│digo em um contexto de anota├º├Áes '#nullable'. [C:\Users\felyp\Desktop\Projetos\Figlotech\Figlotech.Core\Figlotech.Core.csproj]
C:\Users\felyp\Desktop\Projetos\Figlotech\Figlotech.Core\FiTechCoreExtensions.cs(2016,103): warning CS8632: A anota├º├úo para tipos de refer├¬ncia anul├íveis deve ser usada apenas em c├│digo em um contexto de anota├º├Áes '#nullable'. [C:\Users\felyp\Desktop\Projetos\Figlotech\Figlotech.Core\Figlotech.Core.csproj]
C:\Users\felyp\Desktop\Projetos\Figlotech\Figlotech.Core\FiTechCoreExtensions.cs(2016,126): warning CS8632: A anota├º├úo para tipos de refer├¬ncia anul├íveis deve ser usada apenas em c├│digo em um contexto de anota├º├Áes '#nullable'. [C:\Users\felyp\Desktop\Projetos\Figlotech\Figlotech.Core\Figlotech.Core.csproj]
C:\Users\felyp\Desktop\Projetos\Figlotech\Figlotech.Core\Any.cs(28,35): warning CS0168: A vari├ível "x" est├í declarada, mas nunca ├® usada [C:\Users\felyp\Desktop\Projetos\Figlotech\Figlotech.Core\Figlotech.Core.csproj]
C:\Users\felyp\Desktop\Projetos\Figlotech\Figlotech.Core\Extensions\StringExtensions.cs(57,32): warning CS0168: A vari├ível "exception" est├í declarada, mas nunca ├® usada [C:\Users\felyp\Desktop\Projetos\Figlotech\Figlotech.Core\Figlotech.Core.csproj]
C:\Users\felyp\Desktop\Projetos\Figlotech\Figlotech.Core\Autokryptex\SafeObjectStorage.cs(84,43): warning CS0168: A vari├ível "ex" est├í declarada, mas nunca ├® usada [C:\Users\felyp\Desktop\Projetos\Figlotech\Figlotech.Core\Figlotech.Core.csproj]
C:\Users\felyp\Desktop\Projetos\Figlotech\Figlotech.Core\Autokryptex\SafeObjectStorage.cs(79,39): warning CS0168: A vari├ível "x" est├í declarada, mas nunca ├® usada [C:\Users\felyp\Desktop\Projetos\Figlotech\Figlotech.Core\Figlotech.Core.csproj]
C:\Users\felyp\Desktop\Projetos\Figlotech\Figlotech.Core\SerializableFiltering\WhereEngine.cs(82,18): warning CS0219: A vari├ível "hasItems" ├® atribu├¡da, mas seu valor nunca ├® usado [C:\Users\felyp\Desktop\Projetos\Figlotech\Figlotech.Core\Figlotech.Core.csproj]
C:\Users\felyp\Desktop\Projetos\Figlotech\Figlotech.Core\Autokryptex\Legacy\LegacyCrossRandom.cs(150,17): warning CS0219: A vari├ível "r" ├® atribu├¡da, mas seu valor nunca ├® usado [C:\Users\felyp\Desktop\Projetos\Figlotech\Figlotech.Core\Figlotech.Core.csproj]
C:\Users\felyp\Desktop\Projetos\Figlotech\Figlotech.Core\FiHttp.cs(67,32): warning CS0168: A vari├ível "ex" est├í declarada, mas nunca ├® usada [C:\Users\felyp\Desktop\Projetos\Figlotech\Figlotech.Core\Figlotech.Core.csproj]
C:\Users\felyp\Desktop\Projetos\Figlotech\Figlotech.Core\Data\SimpleCSVFormatter.cs(65,21): warning CS0162: C├│digo inacess├¡vel detectado [C:\Users\felyp\Desktop\Projetos\Figlotech\Figlotech.Core\Figlotech.Core.csproj]
C:\Users\felyp\Desktop\Projetos\Figlotech\Figlotech.Core\FileAssistedCache.cs(61,36): warning CS0168: A vari├ível "x" est├í declarada, mas nunca ├® usada [C:\Users\felyp\Desktop\Projetos\Figlotech\Figlotech.Core\Figlotech.Core.csproj]
C:\Users\felyp\Desktop\Projetos\Figlotech\Figlotech.Core\FileAccessAbstractions\FileAccessor.cs(65,32): warning CS0168: A vari├ível "x" est├í declarada, mas nunca ├® usada [C:\Users\felyp\Desktop\Projetos\Figlotech\Figlotech.Core\Figlotech.Core.csproj]
C:\Users\felyp\Desktop\Projetos\Figlotech\Figlotech.Core\FileAssistedCache.cs(83,32): warning CS0168: A vari├ível "x" est├í declarada, mas nunca ├® usada [C:\Users\felyp\Desktop\Projetos\Figlotech\Figlotech.Core\Figlotech.Core.csproj]
C:\Users\felyp\Desktop\Projetos\Figlotech\Figlotech.Core\SerializableFiltering\WhereEngine.cs(151,19): warning CS8632: A anota├º├úo para tipos de refer├¬ncia anul├íveis deve ser usada apenas em c├│digo em um contexto de anota├º├Áes '#nullable'. [C:\Users\felyp\Desktop\Projetos\Figlotech\Figlotech.Core\Figlotech.Core.csproj]
C:\Users\felyp\Desktop\Projetos\Figlotech\Figlotech.Core\Helpers\ReflectionTool.cs(970,154): warning CS8632: A anota├º├úo para tipos de refer├¬ncia anul├íveis deve ser usada apenas em c├│digo em um contexto de anota├º├Áes '#nullable'. [C:\Users\felyp\Desktop\Projetos\Figlotech\Figlotech.Core\Figlotech.Core.csproj]
C:\Users\felyp\Desktop\Projetos\Figlotech\Figlotech.Core\Helpers\ReflectionTool.cs(971,149): warning CS8632: A anota├º├úo para tipos de refer├¬ncia anul├íveis deve ser usada apenas em c├│digo em um contexto de anota├º├Áes '#nullable'. [C:\Users\felyp\Desktop\Projetos\Figlotech\Figlotech.Core\Figlotech.Core.csproj]
C:\Users\felyp\Desktop\Projetos\Figlotech\Figlotech.Core\SerializableFiltering\WhereEngine.cs(164,19): warning CS8632: A anota├º├úo para tipos de refer├¬ncia anul├íveis deve ser usada apenas em c├│digo em um contexto de anota├º├Áes '#nullable'. [C:\Users\felyp\Desktop\Projetos\Figlotech\Figlotech.Core\Figlotech.Core.csproj]
C:\Users\felyp\Desktop\Projetos\Figlotech\Figlotech.Core\ParallelFlow\AsyncEnumerableWeaver.cs(31,22): warning CS8632: A anota├º├úo para tipos de refer├¬ncia anul├íveis deve ser usada apenas em c├│digo em um contexto de anota├º├Áes '#nullable'. [C:\Users\felyp\Desktop\Projetos\Figlotech\Figlotech.Core\Figlotech.Core.csproj]
C:\Users\felyp\Desktop\Projetos\Figlotech\Figlotech.Core\FileAssistedCache.cs(129,32): warning CS0168: A vari├ível "x" est├í declarada, mas nunca ├® usada [C:\Users\felyp\Desktop\Projetos\Figlotech\Figlotech.Core\Figlotech.Core.csproj]
C:\Users\felyp\Desktop\Projetos\Figlotech\Figlotech.Core\Logger.cs(76,40): warning CS0168: A vari├ível "x" est├í declarada, mas nunca ├® usada [C:\Users\felyp\Desktop\Projetos\Figlotech\Figlotech.Core\Figlotech.Core.csproj]
C:\Users\felyp\Desktop\Projetos\Figlotech\Figlotech.Core\FiHttp.cs(205,32): warning CS0168: A vari├ível "x" est├í declarada, mas nunca ├® usada [C:\Users\felyp\Desktop\Projetos\Figlotech\Figlotech.Core\Figlotech.Core.csproj]
C:\Users\felyp\Desktop\Projetos\Figlotech\Figlotech.Core\Helpers\ReflectionTool.cs(178,36): warning CS0168: A vari├ível "x" est├í declarada, mas nunca ├® usada [C:\Users\felyp\Desktop\Projetos\Figlotech\Figlotech.Core\Figlotech.Core.csproj]
C:\Users\felyp\Desktop\Projetos\Figlotech\Figlotech.Core\DomainEvents\DomainEventsHub.cs(190,44): warning CS0168: A vari├ível "y" est├í declarada, mas nunca ├® usada [C:\Users\felyp\Desktop\Projetos\Figlotech\Figlotech.Core\Figlotech.Core.csproj]
C:\Users\felyp\Desktop\Projetos\Figlotech\Figlotech.Core\ParallelFlow\FlowOperators.cs(134,18): warning CS8632: A anota├º├úo para tipos de refer├¬ncia anul├íveis deve ser usada apenas em c├│digo em um contexto de anota├º├Áes '#nullable'. [C:\Users\felyp\Desktop\Projetos\Figlotech\Figlotech.Core\Figlotech.Core.csproj]
C:\Users\felyp\Desktop\Projetos\Figlotech\Figlotech.Core\RID.cs(110,39): warning CS0168: A vari├ível "x" est├í declarada, mas nunca ├® usada [C:\Users\felyp\Desktop\Projetos\Figlotech\Figlotech.Core\Figlotech.Core.csproj]
C:\Users\felyp\Desktop\Projetos\Figlotech\Figlotech.Core\RID.cs(118,40): warning CS0168: A vari├ível "x" est├í declarada, mas nunca ├® usada [C:\Users\felyp\Desktop\Projetos\Figlotech\Figlotech.Core\Figlotech.Core.csproj]
C:\Users\felyp\Desktop\Projetos\Figlotech\Figlotech.Core\ResultCache.cs(104,32): warning CS0168: A vari├ível "x" est├í declarada, mas nunca ├® usada [C:\Users\felyp\Desktop\Projetos\Figlotech\Figlotech.Core\Figlotech.Core.csproj]
C:\Users\felyp\Desktop\Projetos\Figlotech\Figlotech.Core\ParallelFlow\FlowOperators.cs(224,18): warning CS8632: A anota├º├úo para tipos de refer├¬ncia anul├íveis deve ser usada apenas em c├│digo em um contexto de anota├º├Áes '#nullable'. [C:\Users\felyp\Desktop\Projetos\Figlotech\Figlotech.Core\Figlotech.Core.csproj]
C:\Users\felyp\Desktop\Projetos\Figlotech\Figlotech.Core\ResultCache.cs(148,31): warning CS0168: A vari├ível "x" est├í declarada, mas nunca ├® usada [C:\Users\felyp\Desktop\Projetos\Figlotech\Figlotech.Core\Figlotech.Core.csproj]
C:\Users\felyp\Desktop\Projetos\Figlotech\Figlotech.Core\DomainEvents\DomainEventsHub.cs(274,43): warning CS0168: A vari├ível "x" est├í declarada, mas nunca ├® usada [C:\Users\felyp\Desktop\Projetos\Figlotech\Figlotech.Core\Figlotech.Core.csproj]
C:\Users\felyp\Desktop\Projetos\Figlotech\Figlotech.Core\Helpers\ReflectionTool.cs(315,40): warning CS0168: A vari├ível "x" est├í declarada, mas nunca ├® usada [C:\Users\felyp\Desktop\Projetos\Figlotech\Figlotech.Core\Figlotech.Core.csproj]
C:\Users\felyp\Desktop\Projetos\Figlotech\Figlotech.Core\ParallelFlow\FlowOperators.cs(276,26): warning CS8632: A anota├º├úo para tipos de refer├¬ncia anul├íveis deve ser usada apenas em c├│digo em um contexto de anota├º├Áes '#nullable'. [C:\Users\felyp\Desktop\Projetos\Figlotech\Figlotech.Core\Figlotech.Core.csproj]
C:\Users\felyp\Desktop\Projetos\Figlotech\Figlotech.Core\FileAccessAbstractions\SmartCopy.cs(393,51): warning CS0168: A vari├ível "x" est├í declarada, mas nunca ├® usada [C:\Users\felyp\Desktop\Projetos\Figlotech\Figlotech.Core\Figlotech.Core.csproj]
C:\Users\felyp\Desktop\Projetos\Figlotech\Figlotech.Core\FileAccessAbstractions\SmartCopy.cs(440,38): warning CS0168: A vari├ível "x" est├í declarada, mas nunca ├® usada [C:\Users\felyp\Desktop\Projetos\Figlotech\Figlotech.Core\Figlotech.Core.csproj]
C:\Users\felyp\Desktop\Projetos\Figlotech\Figlotech.Core\ParallelFlow\FlowOperators.cs(312,18): warning CS8632: A anota├º├úo para tipos de refer├¬ncia anul├íveis deve ser usada apenas em c├│digo em um contexto de anota├º├Áes '#nullable'. [C:\Users\felyp\Desktop\Projetos\Figlotech\Figlotech.Core\Figlotech.Core.csproj]
C:\Users\felyp\Desktop\Projetos\Figlotech\Figlotech.Core\RID.cs(237,39): warning CS0168: A vari├ível "x" est├í declarada, mas nunca ├® usada [C:\Users\felyp\Desktop\Projetos\Figlotech\Figlotech.Core\Figlotech.Core.csproj]
C:\Users\felyp\Desktop\Projetos\Figlotech\Figlotech.Core\RID.cs(245,40): warning CS0168: A vari├ível "x" est├í declarada, mas nunca ├® usada [C:\Users\felyp\Desktop\Projetos\Figlotech\Figlotech.Core\Figlotech.Core.csproj]
C:\Users\felyp\Desktop\Projetos\Figlotech\Figlotech.Core\FileAccessAbstractions\SmartCopy.cs(488,36): warning CS0168: A vari├ível "x" est├í declarada, mas nunca ├® usada [C:\Users\felyp\Desktop\Projetos\Figlotech\Figlotech.Core\Figlotech.Core.csproj]
C:\Users\felyp\Desktop\Projetos\Figlotech\Figlotech.Core\Helpers\ReflectionTool.cs(742,35): warning CS0168: A vari├ível "x" est├í declarada, mas nunca ├® usada [C:\Users\felyp\Desktop\Projetos\Figlotech\Figlotech.Core\Figlotech.Core.csproj]
C:\Users\felyp\Desktop\Projetos\Figlotech\Figlotech.Core\FiTechCoreExtensions.cs(617,44): warning CS0168: A vari├ível "x" est├í declarada, mas nunca ├® usada [C:\Users\felyp\Desktop\Projetos\Figlotech\Figlotech.Core\Figlotech.Core.csproj]
C:\Users\felyp\Desktop\Projetos\Figlotech\Figlotech.Core\Helpers\ReflectionTool.cs(1096,44): warning CS0168: A vari├ível "ex" est├í declarada, mas nunca ├® usada [C:\Users\felyp\Desktop\Projetos\Figlotech\Figlotech.Core\Figlotech.Core.csproj]
C:\Users\felyp\Desktop\Projetos\Figlotech\Figlotech.Core\FiTechCoreExtensions.cs(1785,36): warning CS0168: A vari├ível "y" est├í declarada, mas nunca ├® usada [C:\Users\felyp\Desktop\Projetos\Figlotech\Figlotech.Core\Figlotech.Core.csproj]
C:\Users\felyp\Desktop\Projetos\Figlotech\Figlotech.Core\FiTechCoreExtensions.cs(1793,36): warning CS0168: A vari├ível "y" est├í declarada, mas nunca ├® usada [C:\Users\felyp\Desktop\Projetos\Figlotech\Figlotech.Core\Figlotech.Core.csproj]
C:\Users\felyp\Desktop\Projetos\Figlotech\Figlotech.Core\InAppServiceHosting\FthServiceInfo.cs(11,21): warning CS0649: Campo "FthServiceInfo.service" nunca ├® atribu├¡do e sempre ter├í seu valor padr├úo null [C:\Users\felyp\Desktop\Projetos\Figlotech\Figlotech.Core\Figlotech.Core.csproj]
C:\Users\felyp\Desktop\Projetos\Figlotech\Figlotech.Core\InAppServiceHosting\LiteWebHost\SelfHost.cs(80,14): warning CS0649: Campo "SelfHost.started" nunca ├® atribu├¡do e sempre ter├í seu valor padr├úo false [C:\Users\felyp\Desktop\Projetos\Figlotech\Figlotech.Core\Figlotech.Core.csproj]
C:\Users\felyp\Desktop\Projetos\Figlotech\Figlotech.Core\InAppServiceHosting\FthAbstractPipeServer.cs(21,27): warning CS0169: O campo "FthAbstractPipeServer.cancellationToken" nunca ├® usado [C:\Users\felyp\Desktop\Projetos\Figlotech\Figlotech.Core\Figlotech.Core.csproj]
C:\Users\felyp\Desktop\Projetos\Figlotech\Figlotech.Core\InAppServiceHosting\LiteWebHost\SelfHost.cs(79,21): warning CS0169: O campo "SelfHost.listener" nunca ├® usado [C:\Users\felyp\Desktop\Projetos\Figlotech\Figlotech.Core\Figlotech.Core.csproj]
C:\Users\felyp\Desktop\Projetos\Figlotech\Figlotech.Core\InAppServiceHosting\CompactHttpServer.cs(118,21): warning CS0169: O campo "SelfHost.listener" nunca ├® usado [C:\Users\felyp\Desktop\Projetos\Figlotech\Figlotech.Core\Figlotech.Core.csproj]
C:\Users\felyp\Desktop\Projetos\Figlotech\Figlotech.Core\InAppServiceHosting\CompactHttpServer.cs(322,21): warning CS0169: O campo "SelfHost.RequestLog" nunca ├® usado [C:\Users\felyp\Desktop\Projetos\Figlotech\Figlotech.Core\Figlotech.Core.csproj]
C:\Users\felyp\Desktop\Projetos\Figlotech\Figlotech.Core\Autokryptex\Legacy\LegacyCrossRandom.cs(108,22): warning CS0169: O campo "LegacyCrossRandom.Subcount" nunca ├® usado [C:\Users\felyp\Desktop\Projetos\Figlotech\Figlotech.Core\Figlotech.Core.csproj]
C:\Users\felyp\Desktop\Projetos\Figlotech\Figlotech.Core\Autokryptex\Legacy\LegacyEnigmaEncryptor.cs(16,21): warning CS0169: O campo "LegacyEnigmaEncryptor.enigmaPin" nunca ├® usado [C:\Users\felyp\Desktop\Projetos\Figlotech\Figlotech.Core\Figlotech.Core.csproj]
C:\Users\felyp\Desktop\Projetos\Figlotech\Figlotech.Core\Autokryptex\EnigmaEncryptor.cs(16,21): warning CS0169: O campo "EnigmaEncryptor.enigmaPin" nunca ├® usado [C:\Users\felyp\Desktop\Projetos\Figlotech\Figlotech.Core\Figlotech.Core.csproj]
C:\Users\felyp\Desktop\Projetos\Figlotech\Figlotech.Core\InAppServiceHosting\LiteWebHost\SelfHost.cs(309,21): warning CS0169: O campo "SelfHost.RequestLog" nunca ├® usado [C:\Users\felyp\Desktop\Projetos\Figlotech\Figlotech.Core\Figlotech.Core.csproj]
C:\Users\felyp\Desktop\Projetos\Figlotech\Figlotech.Core\InAppServiceHosting\CompactHttpServer.cs(119,14): warning CS0649: Campo "SelfHost.started" nunca ├® atribu├¡do e sempre ter├í seu valor padr├úo false [C:\Users\felyp\Desktop\Projetos\Figlotech\Figlotech.Core\Figlotech.Core.csproj]
C:\Users\felyp\Desktop\Projetos\Figlotech\Figlotech.Core\Autokryptex\Legacy\LegacyAutokryptexEncryptor.cs(18,28): warning CS0169: O campo "LegacyAutokryptexEncryptor.TwoWayEncryptor" nunca ├® usado [C:\Users\felyp\Desktop\Projetos\Figlotech\Figlotech.Core\Figlotech.Core.csproj]
C:\Users\felyp\Desktop\Projetos\Figlotech\Figlotech.Core\FileAccessAbstractions\SmartCopy.cs(451,13): warning CS0414: O campo "SmartCopy.workedFiles" ├® atribu├¡do, mas seu valor nunca ├® usado [C:\Users\felyp\Desktop\Projetos\Figlotech\Figlotech.Core\Figlotech.Core.csproj]
C:\Users\felyp\Desktop\Projetos\Figlotech\Figlotech.Core\Data\QueryBuilder.cs(217,22): warning CS0414: O campo "QueryBuilder._elseEngaged" ├® atribu├¡do, mas seu valor nunca ├® usado [C:\Users\felyp\Desktop\Projetos\Figlotech\Figlotech.Core\Figlotech.Core.csproj]
C:\Users\felyp\Desktop\Projetos\Figlotech\Figlotech.Core\FiTechCoreExtensions.cs(395,21): warning CS0414: O campo "FiTechCoreExtensions.isNtpTimeRequestedAlready" ├® atribu├¡do, mas seu valor nunca ├® usado [C:\Users\felyp\Desktop\Projetos\Figlotech\Figlotech.Core\Figlotech.Core.csproj]
C:\Users\felyp\Desktop\Projetos\Figlotech\Figlotech.Core\Logger.cs(48,13): warning CS0414: O campo "Logger.maxBounce" ├® atribu├¡do, mas seu valor nunca ├® usado [C:\Users\felyp\Desktop\Projetos\Figlotech\Figlotech.Core\Figlotech.Core.csproj]
C:\Users\felyp\Desktop\Projetos\Figlotech\Figlotech.Core\DomainEvents\DomainEvent.cs(38,22): warning CS0414: O campo "DomainEvent.antiCollider" ├® atribu├¡do, mas seu valor nunca ├® usado [C:\Users\felyp\Desktop\Projetos\Figlotech\Figlotech.Core\Figlotech.Core.csproj]
C:\Users\felyp\Desktop\Projetos\Figlotech\Figlotech.Core\FiTechCoreExtensions.cs(125,28): warning CS0414: O campo "FiTechCoreExtensions._generalId" ├® atribu├¡do, mas seu valor nunca ├® usado [C:\Users\felyp\Desktop\Projetos\Figlotech\Figlotech.Core\Figlotech.Core.csproj]
C:\Users\felyp\Desktop\Projetos\Figlotech\Figlotech.Core\FiHttp.cs(267,20): warning CS0414: O campo "FiHttp.client" ├® atribu├¡do, mas seu valor nunca ├® usado [C:\Users\felyp\Desktop\Projetos\Figlotech\Figlotech.Core\Figlotech.Core.csproj]
C:\Users\felyp\Desktop\Projetos\Figlotech\Figlotech.Core\Logger.cs(18,21): warning CS0414: O campo "Logger.writec" ├® atribu├¡do, mas seu valor nunca ├® usado [C:\Users\felyp\Desktop\Projetos\Figlotech\Figlotech.Core\Figlotech.Core.csproj]
C:\Users\felyp\Desktop\Projetos\Figlotech\Figlotech.Core\TimedCache.cs(34,14): warning CS0414: O campo "TimedCache<TKey, T>.isDisposed" ├® atribu├¡do, mas seu valor nunca ├® usado [C:\Users\felyp\Desktop\Projetos\Figlotech\Figlotech.Core\Figlotech.Core.csproj]
C:\Users\felyp\Desktop\Projetos\Figlotech\Figlotech.Core\DomainEvents\DomainEventsHub.cs(50,22): warning CS0414: O campo "DomainEventsHub.IsTerminationIssued" ├® atribu├¡do, mas seu valor nunca ├® usado [C:\Users\felyp\Desktop\Projetos\Figlotech\Figlotech.Core\Figlotech.Core.csproj]
C:\Users\felyp\Desktop\Projetos\Figlotech\Figlotech.Core\InAppServiceHosting\ServiceHost.cs(34,13): warning CS0414: O campo "ServiceHost.idgen" ├® atribu├¡do, mas seu valor nunca ├® usado [C:\Users\felyp\Desktop\Projetos\Figlotech\Figlotech.Core\Figlotech.Core.csproj]
C:\Users\felyp\Desktop\Projetos\Figlotech\Figlotech.Core\DomainEvents\DomainEvent.cs(40,15): warning CS0414: O campo "DomainEvent.created" ├® atribu├¡do, mas seu valor nunca ├® usado [C:\Users\felyp\Desktop\Projetos\Figlotech\Figlotech.Core\Figlotech.Core.csproj]
C:\Users\felyp\Desktop\Projetos\Figlotech\Figlotech.Core\SplitStream.cs(66,43): error CS1061: ÔÇÿList<SplitStreamView>ÔÇÖ n├úo cont├®m uma defini├º├úo para "Min" e n├úo foi poss├¡vel encontrar nenhum m├®todo de extens├úo "Min" que aceite um primeiro argumento do tipo ÔÇÿList<SplitStreamView>ÔÇÖ (voc├¬ est├í se esquecendo de usar uma diretiva ou uma refer├¬ncia de assembly?) [C:\Users\felyp\Desktop\Projetos\Figlotech\Figlotech.Core\Figlotech.Core.csproj]
    126 Aviso(s)
    1 Erro(s)

Tempo Decorrido 00:00:00.80
